exports[`test renders correctly 1`] = `
<View
  style={
    Object {
      "backgroundColor": "rgba(0,0,0,0)",
      "flex": 1,
      "marginTop": 64,
    }
  }>
  <Image
    resizeMode="stretch"
    source={1}
    style={
      Object {
        "bottom": 0,
        "left": 0,
        "position": "absolute",
        "right": 0,
        "top": 0,
      }
    } />
  <ScrollView
    style={
      Object {
        "flex": 1,
        "paddingTop": 10,
      }
    }>
    <View
      style={undefined}>
      <View
        style={undefined}>
        <Text
          accessible={true}
          allowFontScaling={true}
          ellipsizeMode="tail"
          style={
            Object {
              "color": "white",
              "fontWeight": "bold",
              "marginVertical": 5,
              "textAlign": "center",
            }
          }>
          Name
        </Text>
        <TextInput
          onChangeText={[Function]}
          placeholder="Enter your cats name"
          placeholderTextColor="white"
          style={
            Object {
              "color": "white",
              "fontSize": 14,
              "fontWeight": "bold",
              "height": 50,
              "marginVertical": 5,
            }
          } />
        <Text
          accessible={true}
          allowFontScaling={true}
          ellipsizeMode="tail"
          style={
            Object {
              "color": "white",
              "fontWeight": "bold",
              "marginVertical": 5,
              "textAlign": "center",
            }
          }>
          Breed
        </Text>
        <View
          style={
            Object {
              "borderColor": "grey",
              "borderRadius": 20,
              "borderWidth": 2,
              "flexDirection": "row",
              "flexWrap": "wrap",
              "zIndex": 99,
            }
          }>
          <Picker
            onValueChange={[Function]}
            selectedValue={0}
            style={
              Object {
                "color": "white",
                "flexGrow": 95,
              }
            } />
          <Text
            accessible={true}
            allowFontScaling={true}
            ellipsizeMode="tail"
            style={
              Object {
                "color": "white",
                "flexGrow": 5,
                "paddingTop": 13,
              }
            } />
        </View>
        <Text
          accessible={true}
          allowFontScaling={true}
          ellipsizeMode="tail"
          style={
            Object {
              "color": "white",
              "fontWeight": "bold",
              "marginVertical": 5,
              "textAlign": "center",
            }
          }>
          Gender
        </Text>
        <View
          style={
            Object {
              "borderColor": "grey",
              "borderRadius": 20,
              "borderWidth": 2,
              "flexDirection": "row",
              "flexWrap": "wrap",
              "zIndex": 99,
            }
          }>
          <Picker
            onValueChange={[Function]}
            selectedValue={0}
            style={
              Object {
                "color": "white",
                "flexGrow": 95,
              }
            } />
          <Text
            accessible={true}
            allowFontScaling={true}
            ellipsizeMode="tail"
            style={
              Object {
                "color": "white",
                "flexGrow": 5,
                "paddingTop": 13,
              }
            } />
        </View>
        <Text
          accessible={true}
          allowFontScaling={true}
          ellipsizeMode="tail"
          style={
            Object {
              "color": "white",
              "fontWeight": "bold",
              "marginVertical": 5,
              "textAlign": "center",
            }
          }>
          Weight
        </Text>
        <TextInput
          onChangeText={[Function]}
          placeholder="Enter your cats weight"
          placeholderTextColor="white"
          style={
            Object {
              "color": "white",
              "fontSize": 14,
              "fontWeight": "bold",
              "height": 50,
              "marginVertical": 5,
            }
          } />
        <Text
          accessible={true}
          allowFontScaling={true}
          ellipsizeMode="tail"
          style={
            Object {
              "color": "white",
              "fontWeight": "bold",
              "marginVertical": 5,
              "textAlign": "center",
            }
          }>
          Height
        </Text>
        <TextInput
          onChangeText={[Function]}
          placeholder="Enter your cats height"
          placeholderTextColor="white"
          style={
            Object {
              "color": "white",
              "fontSize": 14,
              "fontWeight": "bold",
              "height": 50,
              "marginVertical": 5,
            }
          } />
        <Text
          accessible={true}
          allowFontScaling={true}
          ellipsizeMode="tail"
          style={
            Object {
              "color": "white",
              "fontWeight": "bold",
              "marginVertical": 5,
              "textAlign": "center",
            }
          }>
          Length
        </Text>
        <TextInput
          onChangeText={[Function]}
          placeholder="Enter your cats length"
          placeholderTextColor="white"
          style={
            Object {
              "color": "white",
              "fontSize": 14,
              "fontWeight": "bold",
              "height": 50,
              "marginVertical": 5,
            }
          } />
      </View>
    </View>
    <View
      accessibilityComponentType={undefined}
      accessibilityLabel={undefined}
      accessibilityTraits={undefined}
      accessible={true}
      hitSlop={undefined}
      onLayout={undefined}
      onResponderGrant={[Function]}
      onResponderMove={[Function]}
      onResponderRelease={[Function]}
      onResponderTerminate={[Function]}
      onResponderTerminationRequest={[Function]}
      onStartShouldSetResponder={[Function]}
      style={
        Object {
          "backgroundColor": "#e73536",
          "borderRadius": 5,
          "height": 45,
          "justifyContent": "center",
          "marginHorizontal": 25,
          "marginVertical": 10,
          "opacity": 1,
        }
      }
      testID={undefined}>
      <Text
        accessible={true}
        allowFontScaling={true}
        ellipsizeMode="tail"
        style={
          Object {
            "color": "white",
            "fontSize": 14,
            "fontWeight": "bold",
            "marginVertical": 10,
            "textAlign": "center",
          }
        }>
        REGISTER
      </Text>
    </View>
  </ScrollView>
</View>
`;
