exports[`test renders correctly 1`] = `
<View
  style={
    Object {
      "backgroundColor": "#F1F5FF",
      "flex": 1,
      "marginTop": 64,
    }
  }>
  <ScrollView
    style={
      Object {
        "flex": 1,
        "paddingTop": 10,
      }
    }>
    <View
      style={undefined}>
      <View
        style={undefined}>
        <Text
          accessible={true}
          allowFontScaling={true}
          ellipsizeMode="tail"
          style={
            Object {
              "color": "#2C457F",
              "fontWeight": "bold",
              "marginVertical": 5,
              "textAlign": "center",
            }
          }>
          You don\'t have any cats yet!
        </Text>
      </View>
    </View>
  </ScrollView>
</View>
`;
