exports[`test renders correctly 1`] = `
<View
  style={
    Object {
      "backgroundColor": "#F1F5FF",
      "flex": 1,
      "marginTop": 64,
    }
  }>
  <Image
    resizeMode="stretch"
    source={undefined}
    style={
      Object {
        "bottom": 0,
        "left": 0,
        "position": "absolute",
        "right": 0,
        "top": 0,
      }
    } />
  <ScrollView
    style={
      Object {
        "flex": 1,
        "paddingTop": 10,
      }
    }>
    <View
      style={undefined}>
      <View
        style={undefined}>
        <Text
          accessible={true}
          allowFontScaling={true}
          ellipsizeMode="tail"
          style={
            Object {
              "color": "#2C457F",
              "fontWeight": "bold",
              "marginVertical": 5,
              "textAlign": "center",
            }
          }>
          First Name
        </Text>
        <TextInput
          onChangeText={[Function]}
          onSubmitEditing={[Function]}
          placeholder="Enter your first name"
          placeholderTextColor="white"
          returnKeyType="next"
          style={
            Object {
              "color": "#2C457F",
              "fontSize": 14,
              "fontWeight": "bold",
              "height": 50,
              "marginVertical": 5,
            }
          } />
        <Text
          accessible={true}
          allowFontScaling={true}
          ellipsizeMode="tail"
          style={
            Object {
              "color": "#2C457F",
              "fontWeight": "bold",
              "marginVertical": 5,
              "textAlign": "center",
            }
          }>
          Last Name
        </Text>
        <TextInput
          onChangeText={[Function]}
          onSubmitEditing={[Function]}
          placeholder="Enter your last name"
          placeholderTextColor="white"
          returnKeyType="next"
          style={
            Object {
              "color": "#2C457F",
              "fontSize": 14,
              "fontWeight": "bold",
              "height": 50,
              "marginVertical": 5,
            }
          } />
        <Text
          accessible={true}
          allowFontScaling={true}
          ellipsizeMode="tail"
          style={
            Object {
              "color": "#2C457F",
              "fontWeight": "bold",
              "marginVertical": 5,
              "textAlign": "center",
            }
          }>
          Email
        </Text>
        <TextInput
          keyboardType="email-address"
          onChangeText={[Function]}
          onSubmitEditing={[Function]}
          placeholder="Enter your email"
          placeholderTextColor="white"
          returnKeyType="next"
          style={
            Object {
              "color": "#2C457F",
              "fontSize": 14,
              "fontWeight": "bold",
              "height": 50,
              "marginVertical": 5,
            }
          } />
        <Text
          accessible={true}
          allowFontScaling={true}
          ellipsizeMode="tail"
          style={
            Object {
              "color": "#2C457F",
              "fontWeight": "bold",
              "marginVertical": 5,
              "textAlign": "center",
            }
          }>
          Password
        </Text>
        <TextInput
          onChangeText={[Function]}
          onSubmitEditing={[Function]}
          placeholder="Enter your password"
          placeholderTextColor="white"
          returnKeyType="next"
          secureTextEntry={true}
          style={
            Object {
              "color": "#2C457F",
              "fontSize": 14,
              "fontWeight": "bold",
              "height": 50,
              "marginVertical": 5,
            }
          } />
        <Text
          accessible={true}
          allowFontScaling={true}
          ellipsizeMode="tail"
          style={
            Object {
              "color": "#2C457F",
              "fontWeight": "bold",
              "marginVertical": 5,
              "textAlign": "center",
            }
          }>
          Address
        </Text>
        <TextInput
          onChangeText={[Function]}
          onSubmitEditing={[Function]}
          placeholder="Enter your address"
          placeholderTextColor="white"
          returnKeyType="done"
          style={
            Object {
              "color": "#2C457F",
              "fontSize": 14,
              "fontWeight": "bold",
              "height": 50,
              "marginVertical": 5,
            }
          } />
      </View>
    </View>
    <View
      accessibilityComponentType={undefined}
      accessibilityLabel={undefined}
      accessibilityTraits={undefined}
      accessible={true}
      hitSlop={undefined}
      onLayout={undefined}
      onResponderGrant={[Function]}
      onResponderMove={[Function]}
      onResponderRelease={[Function]}
      onResponderTerminate={[Function]}
      onResponderTerminationRequest={[Function]}
      onStartShouldSetResponder={[Function]}
      style={
        Object {
          "backgroundColor": "#466ECC",
          "borderRadius": 5,
          "height": 45,
          "justifyContent": "center",
          "marginHorizontal": 25,
          "marginVertical": 10,
          "opacity": 1,
        }
      }
      testID={undefined}>
      <Text
        accessible={true}
        allowFontScaling={true}
        ellipsizeMode="tail"
        style={
          Object {
            "color": "white",
            "fontSize": 14,
            "fontWeight": "bold",
            "marginVertical": 10,
            "textAlign": "center",
          }
        }>
        REGISTER
      </Text>
    </View>
  </ScrollView>
</View>
`;
